// Jest Snapshot v1, https://goo.gl/fbAQLP

exports[`ProductImage Debe de mostrar el componente con la imagen del producto 1`] = `
<div
  className="productCard undefined"
>
  <img
    alt="Product"
    className="productImg "
    src="./coffee-mug.png"
  />
</div>
`;

exports[`ProductImage Debe mostrar la imagen en el snapshot 1`] = `
<img
  alt="Product"
  className="productImg custom-img"
  src="https://hola.png"
/>
`;
